WWWWWWWWWWWWWWW.....................................................................................................................................................................................................................................................................................................................................................................................................................................................................................................................................................................................................................................................................
WWWWWWWWWWWWWWW.....................................................................................................................................................................................................................................................................................................................................................................................................................................................................................................................................................................................................................................................................
WWWWWWWWWWWWWWW.....................................................................................................................................................................................................................................................................................................................................................................................................................................................................................................................................................................................................................................................................
WWWWWWWWWWWWWWW.....................................................................................................................................................................................................................................................................................................................................................................................................................................................................................................................................................................................................................................................................
WWWWWWWWWWWWWWW...............................................................................................................1...1.................................................................................................................................................................................................................................................................................................................................................................................................................................................................................................................................................
WWWWWWWWWWWWWWW....................................................................................................1...WW..WWWWWWWWWWWW........................................................................................................................................................WWWAWWWwwWWW............................................................................................................................................................................................................................................WWWWWWWWWWWW.................................................................................................................
WWWWWWWWWWWWWWW..................................................................................................WWW.......WWWWWWWWWWWW........................................................................................................................................................WW.......WWW............................................................................................................................................................................................................................................WWWWWWWWWWWW.................................................................................................................
WWWWWWWWWWWWWWW.............................................................................................WW.............WWWWWWWWWWWW........................................................................................................................................................WWWW....WWWW............................................................................................................................................................................................................................................WWWWWWWWWWWW.................................................................................................................
WWWWWWWWWWWWWWW............................................................................................................WWWWWWWWWWWW........................................................................................................................................................ww.......WWW............................................................................................................................................................................................................................................WWWWWWWWWWWW.................................................................................................................
WWWWWWWWWWWWWWW...........................................................................................WW..WA...........WWWWWWWWWWWW.......................................................................................................................................................WWWWWWWWWWWWW............................................................................................................................................................................................................................................WWWWWWWWWWWW.................................................................................................................
WWWWWWWWWWWWWWW............................................................................................................WWWWWWWWWWWW..................................................................................................................................................WW....WWWWWWWWWWWW............................................................................................................................................................................................................................................WWWWWWWWWWWW.................................................................................................................
WWWWWWWWWWWWWWW..............................................................................................WWWW..........WWWWWWWWWWWW........................................................................................................................................................WWWWWWWWWWWW............................................................................................................................................................................................................................................WWWWWWWWWWWW.................................................................................................................
WWWWWWWWWWWWWWW.....................................................................................................WA.....WWWWWWWWWWWW......................................................................................................................................................WWWWWWWWWWWWWW............................................................................................................................................................................................................................................WWWWWWWWWWWW.................................................................................................................
WWWWWWWWWWWWWWW............................................................................................................WWWWWWWWWWWW................................................................................................................................WAWW....................WWWWWWWWWWWW............................................................................................................................................................................................................................................WWWWWWWWWWWW..................................................................................................lllll..........
WWWWWWWWWWWWWWW......................................................................................................WW....WWWWWWWWWWWW.................................................................................................................................................WWW....WW........WW............................................................................................................................................................................................................................................WWWWWWWWWWWW.............................................................................................llllllLLLl..........
WWWWWWWWWWWWWWW............................................................................................................wwwwwwwwWWWW...............................................................................................................................WWW......1...............ww........WW............................................................................................................................................................................................................................................WWWWWWWWWWWW...........................................................................................lllllllTTTTTl.........
WWWWWWWWWWWWWWW..........................................................................................................WWWWWWWAwwWWWW.....................................................................................................................................WWWW............WWWWWWWW...AWWW............................................................................................................................................................................................................................................WWWWWWWWWWWW........................................................................................llllllllllTTTTTll........
WWWWWWWWWWWWWWW............................................................................................................WWWwwwwwWWWW..........................................................................................................................WWW.................1.........WW......1.WW............................................................................................................................................................................................................................................WWWWWWWWWWWW.......................................................................................llTTTTlllTTTTTTT..........
WWWWWWWWWWWWWWW............................................................................................................WWWwwwwWWWWW..................................................................................................................BBBBB.....................WWWW......WAWW....WWWWWW............................................................................................................................................................................................................................................WWWWWWWWWWWW.........................................................................................llllTTTllTTTTT..........
WWWWWWWWWWWWWWW............................................................................................................WWWww1WWWWWW.................................................................................................................BBWWWBB................................WW........WW............................................................................................................................................................................................................................................WWWWWWWWWWWW.............................................................................................lllllTTTTT..........
WWWWWWWWWWWWWWW............................................................................................................WWwwAWWWWWWW........................................WW......................................................................BBWWWWWBB...........................WWWWWW..WA....WW............................................................................................................................................................................................................................................WWWWWWWWWWWW...............................................................................................TTTTTTTT..........
WWWWWWWWWWWWWWW.............................................................................................................wwwwWWWWWWW..............................WW...............................................................................BB.......BB..............................WW........WW............................................................................................................................................................................................................................................WWWWWWWWWWWW..............................................................................................TT..TTTTT..........
WWWWWWWWWWWWWWW.........................................................................................................WWWWWWWWWWWWWWW...................................WWW.......WWW..............................................................BB...WAW...BB.......................WW....WWWAWW....WW............................................................................................................................................................................................................................................WWWWWWWWWWWW..................................................................................................TTTTT..........
WWWWWWWWWWWWWBBB...................................BBbbBBB.........................................................WW......WWWWWWWWWWWW........................WAWW.................................................................................bb...........BB............................WW1.......WW............................................................................................................................................................................................................................................WWWWWWWWWWWW............................................................................................TTTT..TTTTT..........
WWWWWWWWWWWWWWPPBB................................BBWWwWWBB................................................................wWWWWWWWWWWW....................................................WWW...............................................WWW...BB...WAWAWAW...BB.................WW........WWWWWWWWwWWW............................................................................................................................................................................................................................................WWWWWWWWWWWW.........................................................................................TTT...TTTTTTTT..........
WWWWWWWWWWWWW....................1...............BBWWWwwWWBB...........................................................WW..wwWWWWWWWWWW......................WWWW........................................1...1..........................WW........BB........1......BB..........................WWW.....1WWW............................................................................................................................................................................................................................................WWWWWWWWWWWW.......................................................................................TT.........TTTTT..........
WWWWWWWWWWWWW.!.P...............BBB.............BBWWWWWwwwWBB..............BBB........................1BBB.................WwwwWWWWWWWW.................BBB...............BBB......................BbBBBBBBBBBBBBBBBB...WWW......................BBWWWWWWWWWWWW..WWWBB...........BBB...........WWW.....WWWW............................................................................................................................................................................................................................................WWWWWWWWWWWW..................................................................................................TTTTT..........
WWWWWWWWWWWWWWPPP..............BBBBB...........BBWWWWWWAwwWWBB....WW......BBBBB.......................BBBBB................WWwwWWWWWWWW................BBBBB.............BBBBB....................BB................BB.............BBB.............WWWWWWWWWWW..WWWW............BBBBB..........WWW...1.WWWW............................................................................................................................................................................................................................................WWWWWWWWWWWW..................................................................................................TTTTT..........
WWWWWWWWWWWWWWWW..............BBWWWBB.........BBWWWWWwwwwWWWWBB..........BBWWWBB...............WW....bBWWWBB...............WWwwWWWWWWWW...............bbwWWBB...........BBWWWBB..................BBWP...WAWW..WAWA...BB...........BBBBB............WW.1........WWWWW...........BBW.WBB.........WWwwWWWWWWWW............................................................................................................................................................................................................................................WWWWWWWWWWWW..................................................................................................TTTTT..........
WWWWWWWWWWWWWWW..............BBWW.WWBB..........WwwwwwwWWWWWW...........BBWW.WWBB...........1.......BbwW.WWBB..............WwwWWWWWWWWW.......WWW....BBWwwWWBB.........BBWW.WWBB................BBWWPP........1.......BB.........BBWWWBB...........WW.WAWAW...WWWWWW..........BBWWWWWBB........WWwwWWWWWWWW............................................................................................................................................................................................................................................WWWWWC3WWWWW..................................................................................................TTTTT..........
WWWWWWWWWWWWWWW.............BBWWWWWWWBB.........WWwwAWwwwwwWW..........BbwwwWWWWBB.........WW......BBWwwwWWWBB.............wwWWWWWWWWWW..WW.........BBWWWwWWWBB.......BBWWwwwWWBB..............BBWWWWWWWWWWWWWWWWWWWWWWBB.......BBWW.WWBB..........WW........WWWWWWW.........BBWWWWWWWBB.......wwwWWWWWWWWW............................................................................................................................................................................................................................................WWWWW..WWWWW..................................................................................................TTTTT..........
WWWWWWWWWWWWWWW...............WWWWWWW...........WWwwwWWWWWwww............WWwwWWW.....WWW.............WWwAWWW...............WC1WWWWWWWWW...............WWWAWWW...........wwwWwwW..................WWWWWWWWWWWWWWWWWWWWWW........BBWWWWWWWBB.........WWWWWWWWWWWWWWWWW...........WWWWWWW.........WC2WWWWWWWWW...............PPPPPPP...........PPPPPPP..................PPPPPPP.....................PPPPPPP...........PPPPPPP..................PPPPPPP.....................PPPPPPP.....................PPPPPPP..................PPPPPPP...................WC3WWWWWWWWW..................................................................................................TTTTT..........
WWWWWWWWWWWWWWW.......PPP.....WWW.WWW...........PppPPP.PPPPPP............WWW.WWW.....................WWw.WWW.............WWW..WWWWWWWWW....WW.........WWW.WWW...........WWW.Www..................WWW.WWWWWWWWWWWWWWWWWW..........WWW.WWW...........WWWWWWWW.WWWWWWWW...........WWW.WWW...WWAW..W..WWWWWWWWW...............WWW.WWW...........WWW.WWW..................WWW.WWW.....................WWW.WWW...........WWW.WWW..................WWW.WWW.....................WWW.WWW.....................WWW.WWW..................WWW.WWW...................W..WWWWWWWWW..................................................................................................TTTTT..........
WWWWWWWWWWWWWWW.....PPPPPP....PPP.PPP...........ppPPPP.PPPPPP............PPP.ppp.....................PPP.ppp.........1.....WWWWWWWWWWWW...............ppp.ppp...........PPP.PPP..................PPP.PPPPPPPPPPPPPPPPPP..........PPP.PPP...........PPPPPPPP.PPPPPPPP...........PPP.PPP.........WWWWWWWWWWWW...............PPP.PPP...........PPP.PPP..................PPP.PPP.....................PPP.PPP...........PPP.PPP..................PPP.PPP.....................PPP.PPP.....................PPP.PPP..................PPP.PPP...................WWWWWWWWWWWW..................................................................................................TTTTT..........
GGGGGGGGGGGGGGGGGGGGGGGGGGGGGGGGGGGGGGGGGGGGGGGGGGGGGGGGGGGGGGGGGGGGGGGGGGGGGGGGGGGGGGGGGGGGGGGGGGGGGGGGGGGGGGGGGGGGGGGGGGGGGGGGGGGGGGGGGGGGGGGGGGGGGGGGGGGGGGGGGGGGGGGGGGGGGGGGGGGGGGGGGGGGGGGGGGGGGGGGGGGGGGGGGGGGGGGGGGGGGGGGGGGGGGGGGGGGGGGGGGGGGGGGGGGGGGGGGGGGGGGGGGGGGGGGGGGGGGGGGGGGGGGGGGGGGGGGGGGGGGGGGGGGGGGGGGGGGGGGGGGGGGGGGGGGGGGGGGGGGGGGGGGGGGGGGGGGGGGGGGGGGGGGGGGGGGGGGGGGGGGGGGGGGGGGGGGGGGGGGGGGGGGGGGGGGGGGGGGGGGGGGGGGGGGGGGGGGGGGGGGGGGGGGGGGGGGGGGGGGGGGGGGGGGGGGGGGGGGGGGGGGGGGGGGGGGGGGGGGGGGGGGGGGGGGGGGGGGGGGGGGGGGGGGGGGGGGGGGGGGGGGGGGGGGGGGGGGGGGGGGGGGGGGGGGGGGGGGGGGGGGGGGGGGGGGGGGGGGGGGGGGGGGGGGGGGGGGGGGGGGGGGGGGGGGGGGGGGGGGGGGGGGGGGGGGGG
GGGGGGGGGGGGGGGGGGGGGGGGGGGGGGGGGGGGGGGGGGGGGGGGGGGGGGGGGGGGGGGGGGGGGGGGGGGGGGGGGGGGGGGGGGGGGGGGGGGGGGGGGGGGGGGGGGGGGGGGGGGGGGGGGGGGGGGGGGGGGGGGGGGGGGGGGGGGGGGGGGGGGGGGGGGGGGGGGGGGGGGGGGGGGGGGGGGGGGGGGGGGGGGGGGGGGGGGGGGGGGGGGGGGGGGGGGGGGGGGGGGGGGGGGGGGGGGGGGGGGGGGGGGGGGGGGGGGGGGGGGGGGGGGGGGGGGGGGGGGGGGGGGGGGGGGGGGGGGGGGGGGGGGGGGGGGGGGGGGGGGGGGGGGGGGGGGGGGGGGGGGGGGGGGGGGGGGGGGGGGGGGGGGGGGGGGGGGGGGGGGGGGGGGGGGGGGGGGGGGGGGGGGGGGGGGGGGGGGGGGGGGGGGGGGGGGGGGGGGGGGGGGGGGGGGGGGGGGGGGGGGGGGGGGGGGGGGGGGGGGGGGGGGGGGGGGGGGGGGGGGGGGGGGGGGGGGGGGGGGGGGGGGGGGGGGGGGGGGGGGGGGGGGGGGGGGGGGGGGGGGGGGGGGGGGGGGGGGGGGGGGGGGGGGGGGGGGGGGGGGGGGGGGGGGGGGGGGGGGGGGGGGGGGGGGGGGG