WWWWWWWWWWWWWWW...........................................................................................................................................................................................................................................................................................................................................................................................................................................................................................................................................................................................................................................................
WWWWWWWWWWWWWWW...........................................................................................................................................................................................................................................................................................................................................................................................................................................................................................................................................................................................................................................................
WWWWWWWWWWWWWWW...........................................................................................................................................................................................................................................................................................................................................................................................................................................................................................................................................................................................................................................................
WWWWWWWWWWWWWWW...........................................................................................................................................................................................................................................................................................................................................................................................................................................................................................................................................................................................................................................................
WWWWWWWWWWWWWWW...............................................................................................................1...1.......................................................................................................................................................................................................................................................................................................................................................................................................................................................................................................................................
WWWWWWWWWWWWWWW....................................................................................................1...WW..WWWWWWWWWWWW........................................................................................................................................................WWW?WWWwwWWW............................................................................................................................................................................................................................................WWWWWWWWWWWW.......................................................................................................
WWWWWWWWWWWWWWW..................................................................................................WWW.......WWWWWWWWWWWW........................................................................................................................................................WW.......WWW............................................................................................................................................................................................................................................WWWWWWWWWWWW.......................................................................................................
WWWWWWWWWWWWWWW.............................................................................................WW.............WWWWWWWWWWWW........................................................................................................................................................WWWW....WWWW............................................................................................................................................................................................................................................WWWWWWWWWWWW.......................................................................................................
WWWWWWWWWWWWWWW............................................................................................................WWWWWWWWWWWW........................................................................................................................................................ww.......WWW............................................................................................................................................................................................................................................WWWWWWWWWWWW.......................................................................................................
WWWWWWWWWWWWWWW...........................................................................................WW..W?...........WWWWWWWWWWWW.......................................................................................................................................................WWWWWWWWWWWWW............................................................................................................................................................................................................................................WWWWWWWWWWWW.......................................................................................................
WWWWWWWWWWWWWWW............................................................................................................WWWWWWWWWWWW..................................................................................................................................................WW....WWWWWWWWWWWW............................................................................................................................................................................................................................................WWWWWWWWWWWW.......................................................................................................
WWWWWWWWWWWWWWW..............................................................................................WWWW..........WWWWWWWWWWWW........................................................................................................................................................WWWWWWWWWWWW............................................................................................................................................................................................................................................WWWWWWWWWWWW.......................................................................................................
WWWWWWWWWWWWWWW.....................................................................................................W?.....WWWWWWWWWWWW......................................................................................................................................................WWWWWWWWWWWWWW..........................................................WWW...............................................................................................................................................................................WWWWWWWWWWWW.......................................................................................................
WWWWWWWWWWWWWWW............................................................................................................WWWWWWWWWWWW................................................................................................................................W?WW....................WWWWWWWWWWWW................................................................W...........................................................................................................................................................................WWWWWWWWWWWW..................................................................................................lllll
WWWWWWWWWWWWWWW......................................................................................................WW....WWWWWWWWWWWW.................................................................................................................................................WWW....WW........WW......................................................WW....................................................................................................................................................................................WWWWWWWWWWWW.............................................................................................llllllLLLl
WWWWWWWWWWWWWWW............................................................................................................wwwwwwwwWWWW...............................................................................................................................WWW......2...............ww........WW....................................................................WWWW....................................................................................................................................................................WWWWWWWWWWWW...........................................................................................lllllllTTTTT
WWWWWWWWWWWWWWW..........................................................................................................WWWWWWW?wwWWWW.....................................................................................................................................WWWW............WWWWWWWW...?WWW........................................BBBbB...WWWW........................................................................................................................................................................................WWWWWWWWWWWW........................................................................................llllllllllTTTT*
WWWWWWWWWWWWWWW............................................................................................................WWWwwwwwWWWW..........................................................................................................................WWW.................2.........WW......2.WW.......................................BB..2BB....................................................WW........................................................................................................................................WWWWWWWWWWWW.......................................................................................llTTTTlllTTTTTTT
WWWWWWWWWWWWWWW............................................................................................................WWWwwwwWWWWW..................................................................................................................BBBBB.....................WWWW......W?WW....WWWWWW......................................BB...BBBB........................WW...................................................................................................................................................................WWWWWWWWWWWW.........................................................................................llllTTTllTTTTT
WWWWWWWWWWWWWWW............................................................................................................WWWww1WWWWWW.................................................................................................................BBWWWBB................................WW........WW.....................................BB.......BB.................WW?..........................WW........WW..................................................................................................................................WWWWWWWWWWWW.............................................................................................lllllTTTTT
WWWWWWWWWWWWWWW............................................................................................................WWww?WWWWWWW........................................WW......................................................................BBWWWWWBB...........................WWWWWW..W?....WW....................................BBWWW......BB...........................................................................................................................................................................................WWWWWWWWWWWW...............................................................................................TTTTTTTT
WWWWWWWWWWWWWWW.............................................................................................................wwwwWWWWWWW..............................WW....2..........................................................................BB.......BB..............................WW..2.....WW...................................BB...........BB................WWW...?W....................WWW..........W..................................................................................BBBBbbB.......................................WWWWWWWWWWWW..............................................................................................TT..TTTTT
WWWWWWWWWWWWWWW.........................................................................................................WWWWWWWWWWWWWWW...................................WWW.......WWW..............................................................BB...W?W...BB.......................WW....WWW?WW....WW..................................BB.....WWW.....BB.....................................WWW...................2..............................................................................BB..WW.bB......................................WWWWWWWWWWWW..................................................................................................TTTTT
WWWWWWWWWWWWWWWW...................................BBbbBBB.........................................................WW......WWWWWWWWWWWW........................W?WW.................................................................................bb...........BB............................WW2.......WW.................................BB...........W...BB...................WWWW.................................BbBB............................................................................BB.......BB.....................................WWWWWWWWWWWW............................................................................................TTTT..TTTTT
WWWWWWWWWWWWWWPPWW................................BBWWwWWBB................................................................wWWWWWWWWWWW....................................................WWW...............................................WWW...BB...W?W?W?W...BB.................WW........WWWWWWWWwWWW................................BB...........1.....BB.................................WW...................BBwWBB..........................................................................BB....?..W.BB....................................WWWWWWWWWWWW.........................................................................................TTT...TTTTTTTT
WWWWWWWWWWWWW.!..................1...............BBWWWwwWWBB...........................................................WW..wwWWWWWWWWWW......................WWWW........................................2...2..........................WW........BB........2......BB..........................WWW.....2WWW...............................BBWWW...WWWWWWWWWWWWWBB.........................WWW........................BB...WBB........................................................................BB......1....BB............2......................WWWWWWWWWWWW.......................................................................................TT.........TTTTT
WWWWWWWWWWWWW...P...............BBB.............BBWWWWWwwwWBB..............BBB........................1BBB.................WwwwWWWWWWWW.................BBB...............BBB......................BbBBBBBBBBBBBBBBBB...WWW......................BBWWWWWWWWWWWW..WWWBB...........BBB...........WWW.....WWWW.................BBB..........BB.W.............WWWWW.BB.................................BBB..............BBWww?WWBB................BBB.........................BBB.......................bb......WW.....BB..........BBB.....................WWWWWWWWWWWW..................................................................................................TTTTT
WWWWWWWWWWWWWWPPP..............BBBBB...........BBWWWWWW?wwWWBB....WW......BBBBB.......................BBBBB................WWwwWWWWWWWW................BBBBB.............BBBBB....................BB................BB.............BBB.............WWWWWWWWWWW..WWWW............BBBBB..........WWW.2...WWWW................BBWBB............WWPPP...........WWW....WW.............................BBWBB............BBWWWwwWWWBB..............BBWBB.......................BBWBB..........WWW...WWW..BB..WW...........BB........BBWBB....................WWWWWWWWWWWW..................................................................................................TTTTT
WWWWWWWWWWWWWWWW..............BBWWWBB.........BBWWWWWwwwwWWWWBB..........BBWWWBB...............WW....bBWWWBB...............WWwwWWWWWWWW...............bbwWWBB...........BBWWWBB..................BBWP...W?WW..W?W?...BB...........BBBBB............WW.2........WWWWW...........BBW.WBB.........WWWWWWWwWWWW...............BBw.WBB...........W...p.....1.......W..........1.......................BBW.WBB..........BBWWWWWwwWWWBB............BBW.WBB.....................BBW.WBB....WW.............BBWWWWWWWWWWWWWWWWWBB......BBW.WBB...................WWWWWWWWWWWW.......................................................................l..........................TTTTT
WWWWWWWWWWWWWWW..............BBWW.WWBB..........WwwwwwwWWWWWW...........BBWW.WWBB...........1.......BbwW.WWBB..............WwwWWWWWWWWW.......WWW....BBWwwWWBB.........BBWW.WWBB................BBWWPP........2.......BB.........BBWWWBB...........WW.W?W?W...WWWWWW..........BBWWWWWBB........WWWWWWwwWWWW..............BBWw?WWBB..........WWWWW?WW?WWWWW...WW.......BBBBB.....................BBWWWWWBB........BBW..WWWWww..WBB..........BBWWWWWBB...................BBWWWWWBB....................WWWWWWWWWWWWWWWWW.......BBWWWWWBB..................WWWWWWWWWWWW......................................................................lll.........................TTTTT
WWWWWWWWWWWWWWW.............BBWWWWWWWBB.........WWww?WwwwwwWW..........BbwwwWWWWBB.........WW......BBWwwwWWWBB.............wwWWWWWWWWWW..WW.........BBWWWwWWWBB.......BBWWwwwWWBB..............BBWWWWWWWWWWWWWWWWWWWWWWBB.......BBWW.WWBB..........WW........WWWWWWW.........BBWWWWWWWBB.......wwwwwwwWWWWW.............BBWwwwWWWBB.........W..............P..W......BPPPPPB...................BBWW.W.WWBB.........WWWWWWWW?WwW...........BBWWWWWWWBB.................BBWWWWWWWBB...................WWWWWWWWWWWWWWWWW......BBWWWWWWWBB.................WWWWWWWWWWWW.....................................................................llTll........................TTTTT
WWWWWWWWWWWWWWW...............WWWWWWW...........WWwwwWWWWWwww............WWwwWWW.....WWW.............WWw?WWW...............WC0WWWWWWWWW...............WWW?WWW...........wwwWwwW..................WWWWWWWWWWWWWWWWWWWWWW........BBWWWWWWWBB.........WWWWWWWWWWWWWWWWW...........WWWWWWW.........WC1WWWWWWWWW.......PPPP....WwWWWWW...........W........2....PP..W.....BPPPPPPPB....................WWWWWWW...........WWWWWWWWwwwW.............WWWWWWW.....................WWWWWWW.....................WWWWWWWWWWWWWWWWW..WW....WWWWWWW...................WC2WWWWWWWWW....................................................................lllTlll.......................TTTTT
WWWWWWWWWWWWWWW.......PPP.....WWW.WWW...........PppPPP.PPPPPP............WWW.WWW.....................WWw.WWW.............WWW..WWWWWWWWW....WW.........WWW.WWW...........WWW.Www..................WWW.WWWWWWWWWWWWWWWWWW.....P....www.WWW...........WWWWWWWW.WWWWWWWW...........WWW.WWW...WW?W..W..WWWWWWWWW.......p..p....Www.wwW...........WW?.WWWWWWWWWWWWWWWWW....PPP.PPP....P................WWW.WWW...WW......WWW.WWWWwwWW.............WWW.WWW.....................WWW.WWW....?W?W.............WWW.WWWWWWWWWWWWW........WWW.WWW...................W..WWWWWWWWW.......................................................................T..........................TTTTT
WWWWWWWWWWWWWWW.....PPPPPP....PPP.PPP...........ppPPPP.PPPPPP............PPP.ppp.....................PPP.ppp.........1.....WWWWWWWWWWWW...............ppp.ppp...........PPP.PPP..................PPP.PPPPPPPPPPPPPPPPPP....PPP...PPP.ppp...........PPPPPPPP.PPPPPPPP...........PPP.PPP.........WWWWWWWWWWWW...PP..p..p....PPp.Ppp...........ppp.PPPPPPPPPPPPPPP.P....PPP.PPP...PPP...............PPP.PPP...........PPP.PPPppPPP.............PPP.PPP.....................PPP.PPP.....................PPP.PPPWWWWWWWWWWP.......PPP.PPP..............1....wwWWWWWWWWWW.......................2..1...1..........2.............................T..........................TTTTT
GGGGGGGGGGGGGGGGGGGGGGGGGGGGGGGGGGGGGGGGGGGGGGGGGGGGGGGGGGGGGGGGGGGGGGGGGGGGGGGGGGGGGGGGGGGGGGGGGGGGGGGGGGGGGGGGGGGGGGGGGGGGGGGGGGGGGGGGGGGGGGGGGGGGGGGGGGGGGGGGGGGGGGGGGGGGGGGGGGGGGGGGGGGGGGGGGGGGGGGGGGGGGGGGGGGGGGGGGGGGGGGGGGGGGGGGGGGGGGGGGGGGGGGGGGGGGGGGGGGGGGGGGGGGGGGGGGGGGGGGGGGGGGGGGGGGGGGGGGGGGGGGGGGGGGGGGGGGGGGGGGGGGGGGGGGGGGGGGGGGGGGGGGGGGGGGGGGGGGGGGGGGGGGGGGGGGGGGGGGGGGGGGGGGGGGGGGGGGGGGGGGGGGGWWppWWGGGGGGGGGGGGGGGGGGGGGGGGGGGGGGGGGGGGGGGGGGGGGGGGGGGpWGGGGGGGGGGGGGGGGGGGGGGGGGGGGGGGGGGGGGGGGGGGGGGGGGGGGGGGGGGGGGGGGGGGGGGwwGGGGGGGGGGGG..GGGGGGGGGGGGGGGGGGGGGGGGGGGGGGGGGGGGGGGGGGGGGGGGGGGGGGGGGGGGGGGGFGGGGGGGGGGGGGGGGGGGGGGGGGGGGGGGGG
GGGGGGGGGGGGGGGGGGGGGGGGGGGGGGGGGGGGGGGGGGGGGGGGGGGGGGGGGGGGGGGGGGGGGGGGGGGGGGGGGGGGGGGGGGGGGGGGGGGGGGGGGGGGGGGGGGGGGGGGGGGGGGGGGGGGGGGGGGGGGGGGGGGGGGGGGGGGGGGGGGGGGGGGGGGGGGGGGGGGGGGGGGGGGGGGGGGGGGGGGGGGGGGGGGGGGGGGGGGGGGGGGGGGGGGGGGGGGGGGGGGGGGGGGGGGGGGGGGGGGGGGGGGGGGGGGGGGGGGGGGGGGGGGGGGGGGGGGGGGGGGGGGGGGGGGGGGGGGGGGGGGGGGGGGGGGGGGGGGGGGGGGGGGGGGGGGGGGGGGGGGGGGGGGGGGGGGGGGGGGGGGGGGGGGGGGGGGGGGGGGGGGGGGWWppWWWWWWWWWWWWWWWWWWWWWWWWWWWWWWWWWWWWWWWWWWWWWWWWWWWppWWGGGGGGGGGGGGGGGGGGGGGGGGGGGGGGGGGGGGGGGGGGGGGGGGGGGGGGGGGGGGGGGGGGGGGG..GGGGGGGGGG.1GGGGGGGGGGGGGGGGGGGGGGGGGGGGGGGGGGGGGGGGGGGGGGGGGGGGGGGGGGGGGGGGGGGGGGGGGGGGGGGGGGGGGGGGGGGGGGGGGGG
GGGGGGGGGGGGGGGGGGGGGGGGGGGGGGGGGGGGGGGGGGGGGGGGGGGGGGGGGGGGGGGGGGGGGGGGGGGGGGGGGGGGGGGGGGGGGGGGGGGGGGGGGGGGGGGGGGGGGGGGGGGGGGGGGGGGGGGGGGGGGGGGGGGGGGGGGGGGGGGGGGGGGGGGGGGGGGGGGGGGGGGGGGGGGGGGGGGGGGGGGGGGGGGGGGGGGGGGGGGGGGGGGGGGGGGGGGGGGGGGGGGGGGGGGGGGGGGGGGGGGGGGGGGGGGGGGGGGGGGGGGGGGGGGGGGGGGGGGGGGGGGGGGGGGGGGGGGGGGGGGGGGGGGGGGGGGGGGGGGGGGGGGGGGGGGGGGGGGGGGGGGGGGGGGGGGGGGGGGGGGGGGGGGGGGGGGGGGGGGGGGGGGGGGGWW........p...1....p...*....p..2.....p....*...p......1.WWGGGGGGGGGGGGGGGGGGGGGGGGGGGGGGGGGGGGGGGGGGGGGGGGGGGGGGGGGGGGGGGGGGGGGGGG......1.....GGGGGGGGGGGGGGGGGGGGGGGGGGGGGGGGGGGGGGGGGGGGGGGGGGGGGGGGGGGGGGGGGGGGGGGGGGGGGGGGGGGGGGGGGGGGGGGGGGGG
GGGGGGGGGGGGGGGGGGGGGGGGGGGGGGGGGGGGGGGGGGGGGGGGGGGGGGGGGGGGGGGGGGGGGGGGGGGGGGGGGGGGGGGGGGGGGGGGGGGGGGGGGGGGGGGGGGGGGGGGGGGGGGGGGGGGGGGGGGGGGGGGGGGGGGGGGGGGGGGGGGGGGGGGGGGGGGGGGGGGGGGGGGGGGGGGGGGGGGGGGGGGGGGGGGGGGGGGGGGGGGGGGGGGGGGGGGGGGGGGGGGGGGGGGGGGGGGGGGGGGGGGGGGGGGGGGGGGGGGGGGGGGGGGGGGGGGGGGGGGGGGGGGGGGGGGGGGGGGGGGGGGGGGGGGGGGGGGGGGGGGGGGGGGGGGGGGGGGGGGGGGGGGGGGGGGGGGGGGGGGGGGGGGGGGGGGGGGGGGGGGGGGGGGGGWWWWWWWWWWWWWWWWWWWWWWWWWWWWWWWWWWWWWWWWWWWWWWWWWWWWWWWGGGGGGGGGGGGGGGGGGGGGGGGGGGGGGGGGGGGGGGGGGGGGGGGGGGGGGGGGGGGGGGGGGGGGGGGGGGGGGGGGGGGGGGGGGGGGGGGGGGGGGGGGGGGGGGGGGGGGGGGGGGGGGGGGGGGGGGGGGGGGGGGGGGGGGGGGGGGGGGGGGGGGGGGGGGGGGGGGGGGGGGGG
GGGGGGGGGGGGGGGGGGGGGGGGGGGGGGGGGGGGGGGGGGGGGGGGGGGGGGGGGGGGGGGGGGGGGGGGGGGGGGGGGGGGGGGGGGGGGGGGGGGGGGGGGGGGGGGGGGGGGGGGGGGGGGGGGGGGGGGGGGGGGGGGGGGGGGGGGGGGGGGGGGGGGGGGGGGGGGGGGGGGGGGGGGGGGGGGGGGGGGGGGGGGGGGGGGGGGGGGGGGGGGGGGGGGGGGGGGGGGGGGGGGGGGGGGGGGGGGGGGGGGGGGGGGGGGGGGGGGGGGGGGGGGGGGGGGGGGGGGGGGGGGGGGGGGGGGGGGGGGGGGGGGGGGGGGGGGGGGGGGGGGGGGGGGGGGGGGGGGGGGGGGGGGGGGGGGGGGGGGGGGGGGGGGGGGGGGGGGGGGGGGGGGGGGGGGGGGGGGGGGGGGGGGGGGGGGGGGGGGGGGGGGGGGGGGGGGGGGGGGGGGGGGGGGGGGGGGGGGGGGGGGGGGGGGGGGGGGGGGGGGGGGGGGGGGGGGGGGGGGGGGGGGGGGGGGGGGGGGGGGGGGGGGGGGGGGGGGGGGGGGGGGGGGGGGGGGGGGGGGGGGGGGGGGGGGGGGGGGGGGGGGGGGGGGGGGGGGGGGGGGGGGGGGGGGGGGGGGGGGGGGGGGGGGGG